
> recifree@0.0.0 test
> vitest run --run --reporter=verbose


 RUN  v4.0.18 /Users/BigBoss/Desktop/Recifree3

 ✓ src/pages/Signup/Signup.test.jsx > SignupPage Component > renders closed beta lockscreen when feature flag is falsy 79ms
 × src/pages/Signup/Signup.test.jsx > SignupPage Component > renders signup form when feature flag is strictly true 47ms
   → confirmPassword is not defined
 × src/pages/Signup/Signup.test.jsx > SignupPage Component > shows field level error tracking naturally on blur 16ms
   → confirmPassword is not defined
 ✓ src/components/Navbar/Navbar.test.jsx > Navbar Component > renders the logo correctly 80ms
 ✓ src/components/Footer/Footer.test.jsx > Footer Component > renders the brand and tagline 106ms
 ✓ src/components/Footer/Footer.test.jsx > Footer Component > renders navigation links 74ms
 ✓ src/pages/Home/Home.test.jsx > Home Page > renders the hero section 142ms
 ✓ src/pages/Home/Home.test.jsx > Home Page > renders all unique tags including "All" 56ms
 ✓ src/components/Footer/Footer.test.jsx > Footer Component > renders legal links 36ms
 ✓ src/components/Footer/Footer.test.jsx > Footer Component > renders the copyright year dynamically 20ms
 ✓ src/components/Footer/Footer.test.jsx > Footer Component > renders github link 27ms
 ✓ src/components/Footer/Footer.test.jsx > Footer Component > renders and functions theme toggle 33ms
 ✓ src/pages/Home/Home.test.jsx > Home Page > renders all recipes initially 29ms
 ✓ src/pages/Home/Home.test.jsx > Home Page > filters recipes by search query 51ms
 ✓ src/pages/Home/Home.test.jsx > Home Page > filters recipes by tag 76ms
 ✓ src/pages/Home/Home.test.jsx > Home Page > shows no recipes found message when no matches 40ms
 ✓ src/components/AddToShoppingListButton/AddToShoppingListButton.test.jsx > AddToShoppingListButton Component > renders "Add to List" when recipe is not in list 411ms
 ✓ src/components/AddToShoppingListButton/AddToShoppingListButton.test.jsx > AddToShoppingListButton Component > renders "Added!" when recipe is already in list 68ms
 ✓ src/pages/Home/Home.test.jsx > Home Page > clears filters when clear button is clicked 47ms
 ✓ src/pages/Home/Home.test.jsx > Home Page > changes grid layout when column buttons are clicked 43ms
 ✓ src/components/LoginModal/LoginModal.test.jsx > LoginModal Component > does not render when isOpen is false 19ms
 ✓ src/components/AddToShoppingListButton/AddToShoppingListButton.test.jsx > AddToShoppingListButton Component > shows XIcon when hovered and already in list 94ms
 ✓ src/components/AddToShoppingListButton/AddToShoppingListButton.test.jsx > AddToShoppingListButton Component > calls addRecipe when clicked and not in list 40ms
 ✓ src/components/AddToShoppingListButton/AddToShoppingListButton.test.jsx > AddToShoppingListButton Component > calls removeRecipe when clicked and already in list 21ms
 ✓ src/components/AddToShoppingListButton/AddToShoppingListButton.test.jsx > AddToShoppingListButton Component > renders properly in icon-only variant 14ms
 ✓ src/components/AddToShoppingListButton/AddToShoppingListButton.test.jsx > AddToShoppingListButton Component > renders properly in icon-only variant when added 6ms
 ✓ src/pages/Recipe/Recipe.test.jsx > Recipe Page > renders popup correctly for sectioned ingredients 256ms
 ✓ src/pages/Recipe/Recipe.test.jsx > Recipe Page > renders recipe details successfully 62ms
 ✓ src/components/RecipeCard/RecipeCard.test.jsx > RecipeCard Component > renders recipe details correctly 104ms
 ✓ src/components/RecipeCard/RecipeCard.test.jsx > RecipeCard Component > renders tags correctly 29ms
 ✓ src/components/RecipeCard/RecipeCard.test.jsx > RecipeCard Component > uses the provided image 15ms
 ✓ src/components/RecipeCard/RecipeCard.test.jsx > RecipeCard Component > uses default image when no image is provided 27ms
 ✓ src/components/RecipeCard/RecipeCard.test.jsx > RecipeCard Component > links to the correct recipe page 400ms
 ✓ src/pages/Recipe/Recipe.test.jsx > Recipe Page > renders ingredient popup on hover 74ms
 ✓ src/pages/Recipe/Recipe.test.jsx > Recipe Page > renders split ingredient amounts correctly 96ms
 ✓ src/components/Navbar/Navbar.test.jsx > Navbar Component > renders navigation links 58ms
 ✓ src/components/Navbar/Navbar.test.jsx > Navbar Component > toggles the mobile menu when hamburger button is clicked 50ms
 × src/components/LoginModal/LoginModal.test.jsx > LoginModal Component > renders correctly when isOpen is true 671ms
   → Found multiple elements with the role "button" and name `/Log In/i`

Here are the matching elements:

Ignored nodes: comments, script, style
[36m<button[39m
  [33mclass[39m=[32m"btn btn-primary full-width"[39m
  [33mtype[39m=[32m"submit"[39m
[36m>[39m
  [0mLog In[0m
[36m</button>[39m

Ignored nodes: comments, script, style
[36m<button[39m
  [33mclass[39m=[32m"btn btn-secondary full-width google-btn"[39m
[36m>[39m
  [0mLog in with Google[0m
[36m</button>[39m

(If this is intentional, then use the `*AllBy*` variant of the query (like `queryAllByText`, `getAllByText`, or `findAllByText`)).

Ignored nodes: comments, script, style
[36m<body>[39m
  [36m<div>[39m
    [36m<div[39m
      [33mclass[39m=[32m"modal-overlay"[39m
    [36m>[39m
      [36m<div[39m
        [33mclass[39m=[32m"modal-content card animate-slide-up"[39m
      [36m>[39m
        [36m<button[39m
          [33maria-label[39m=[32m"Close"[39m
          [33mclass[39m=[32m"modal-close"[39m
        [36m>[39m
          [0m×[0m
        [36m</button>[39m
        [36m<div[39m
          [33mclass[39m=[32m"login-header text-center"[39m
        [36m>[39m
          [36m<h2>[39m
            [0mWelcome Back[0m
          [36m</h2>[39m
          [36m<p[39m
            [33mclass[39m=[32m"text-secondary text-sm mt-2"[39m
          [36m>[39m
            [0mLog in to view your saved recipes[0m
          [36m</p>[39m
        [36m</div>[39m
        [36m<form[39m
          [33mclass[39m=[32m"login-form mt-6"[39m
        [36m>[39m
          [36m<div[39m
            [33mclass[39m=[32m"form-group "[39m
          [36m>[39m
            [36m<label[39m
              [33mfor[39m=[32m"login-email"[39m
            [36m>[39m
              [0mEmail[0m
            [36m</label>[39m
            [36m<input[39m
              [33mautocomplete[39m=[32m"email"[39m
              [33mid[39m=[32m"login-email"[39m
              [33mtype[39m=[32m"email"[39m
              [33mvalue[39m=[32m""[39m
            [36m/>[39m
          [36m</div>[39m
          [36m<div[39m
            [33mclass[39m=[32m"form-group mb-6 "[39m
          [36m>[39m
            [36m<div[39m
              [33mstyle[39m=[32m"display: flex; justify-content: space-between; align-items: center; margin-bottom: var(--space-1);"[39m
            [36m>[39m
              [36m<label[39m
                [33mfor[39m=[32m"login-password"[39m
                [33mstyle[39m=[32m"margin-bottom: 0px;"[39m
              [36m>[39m
                [0mPassword[0m
              [36m</label>[39m
              [36m<button[39m
                [33mstyle[39m=[32m"background: none; border: medium; padding: 0px; text-decoration: none; cursor: pointer; font-family: inherit; color: var(--color-text-muted); font-size: 0.7rem; text-transform: uppercase; letter-spacing: 0.05em;"[39m
                [33mtype[39m=[32m"button"[39m
              [36m>[39m
                [0mForgot?[0m
              [36m</button>[39m
            [36m</div>[39m
            [36m<div[39m
              [33mclass[39m=[32m"password-input-wrapper"[39m
            [36m>[39m
              [36m<input[39m
                [33mautocomplete[39m=[32m"current-password"[39m
                [33mid[39m=[32m"login-password"[39m
                [33mtype[39m=[32m"password"[39m
                [33mvalue[39m=[32m""[39m
              [36m/>[39m
              [36m<button[39m
                [33maria-label[39m=[32m"Show password"[39m
                [33mclass[39m=[32m"password-toggle-btn"[39m
                [33mtabindex[39m=[32m"-1"[39m
                [33mtype[39m=[32m"button"[39m
              [36m>[39m
                [36m<svg[39m
                  [33mclass[39m=[32m""[39m
                  [33mfill[39m=[32m"none"[39m
                  [33mheight[39m=[32m"16"[39m
                  [33mstroke[39m=[32m"currentColor"[39m
                  [33mstroke-linecap[39m=[32m"round"[39m
                  [33mstroke-linejoin[39m=[32m"round"[39m
                  [33mstroke-width[39m=[32m"1.5"[39m
                  [33mviewBox[39m=[32m"0 0 24 24"[39m
                  [33mwidth[39m=[32m"16"[39m
                [36m>[39m
                  [36m<path[39m
                    [33md[39m=[32m"M1 12s4-8 11-8 11 8 11 8-4 8-11 8-11-8-11-8z"[39m
                  [36m/>[39m
                  [36m<circle[39m
                    [33mcx[39m=[32m"12"[39m
                    [33mcy[39m=[32m"12"[39m
                    [33mr[39m=[32m"3"[39m
                  [36m/>[39m
                [36m</svg>[39m
              [36m</button>[39m
            [36m</div>[39m
          [36m</div>[39m
          [36m<button[39m
            [33mclass[39m=[32m"btn btn-primary full-width"[39m
            [33mtype[39m=[32m"submit"[39m
          [36m>[39m
            [0mLog In[0m
          [36m</button>[39m
        [36m</form>[39m
        [36m<div[39m
          [33mclass[39m=[32m"auth-divider"[39m
        [36m>[39m
          [36m<span>[39m
            [0mOR[0m
          [36m</span>[39m
        [36m</div>[39m
        [36m<button[39m
          [33mclass[39m=[32m"btn btn-secondary full-width google-btn"[39m
        [36m>[39m
          [0mLog in with Google[0m
        [36m</button>[39m
      [36m</div>[39m
    [36m</div>[39m
  [36m</div>[39m
[36m</body>[39m
 ✓ src/components/LoginModal/LoginModal.test.jsx > LoginModal Component > handles email and password input securely 60ms
 ✓ src/components/Navbar/Navbar.test.jsx > Navbar Component > closes the menu when a link is clicked 491ms
 ✓ src/components/Navbar/Navbar.test.jsx > Navbar Component > closes the menu when clicking the overlay 35ms
 ✓ src/pages/Recipe/Recipe.test.jsx > Recipe Page > does NOT render popup for empty steps 36ms
 ✓ src/pages/Recipe/Recipe.test.jsx > Recipe Page > toggles ingredient checkboxes 67ms
 ✓ src/pages/Recipe/Recipe.test.jsx > Recipe Page > toggles instruction steps completion when checkbox is clicked 29ms
 ✓ src/pages/Recipe/Recipe.test.jsx > Recipe Page > toggles step expansion and shows inline ingredients when step is clicked 46ms
 ✓ src/pages/Recipe/Recipe.test.jsx > Recipe Page > renders Jump to Recipe button which scrolls to instructions 32ms
 ✓ src/components/Navbar/Navbar.test.jsx > Navbar Component > navigates to About page from mobile menu 102ms
 ✓ src/components/Navbar/Navbar.test.jsx > Navbar Component > navigates to Shopping List page from mobile menu 73ms
 ✓ src/components/LoginModal/LoginModal.test.jsx > LoginModal Component > blocks submission and shows errors for empty fields 110ms
 × src/components/LoginModal/LoginModal.test.jsx > LoginModal Component > triggers Firebase password reset logic on valid email 262ms
   → Unable to find an accessible element with the role "button" and name "FORGOT?"

Here are the accessible roles:

  button:

  Name "Close":
  [36m<button[39m
    [33maria-label[39m=[32m"Close"[39m
    [33mclass[39m=[32m"modal-close"[39m
  [36m/>[39m

  Name "Forgot?":
  [36m<button[39m
    [33mstyle[39m=[32m"background: none; border: medium; padding: 0px; text-decoration: none; cursor: pointer; font-family: inherit; color: var(--color-text-muted); font-size: 0.7rem; text-transform: uppercase; letter-spacing: 0.05em;"[39m
    [33mtype[39m=[32m"button"[39m
  [36m/>[39m

  Name "Show password":
  [36m<button[39m
    [33maria-label[39m=[32m"Show password"[39m
    [33mclass[39m=[32m"password-toggle-btn"[39m
    [33mtabindex[39m=[32m"-1"[39m
    [33mtype[39m=[32m"button"[39m
  [36m/>[39m

  Name "Log In":
  [36m<button[39m
    [33mclass[39m=[32m"btn btn-primary full-width"[39m
    [33mtype[39m=[32m"submit"[39m
  [36m/>[39m

  Name "Log in with Google":
  [36m<button[39m
    [33mclass[39m=[32m"btn btn-secondary full-width google-btn"[39m
  [36m/>[39m

  --------------------------------------------------
  heading:

  Name "Welcome Back":
  [36m<h2 />[39m

  --------------------------------------------------
  paragraph:

  Name "":
  [36m<p[39m
    [33mclass[39m=[32m"text-secondary text-sm mt-2"[39m
  [36m/>[39m

  --------------------------------------------------
  textbox:

  Name "Email":
  [36m<input[39m
    [33mautocomplete[39m=[32m"email"[39m
    [33mid[39m=[32m"login-email"[39m
    [33mtype[39m=[32m"email"[39m
    [33mvalue[39m=[32m""[39m
  [36m/>[39m

  --------------------------------------------------

Ignored nodes: comments, script, style
[36m<body>[39m
  [36m<div>[39m
    [36m<div[39m
      [33mclass[39m=[32m"modal-overlay"[39m
    [36m>[39m
      [36m<div[39m
        [33mclass[39m=[32m"modal-content card animate-slide-up"[39m
      [36m>[39m
        [36m<button[39m
          [33maria-label[39m=[32m"Close"[39m
          [33mclass[39m=[32m"modal-close"[39m
        [36m>[39m
          [0m×[0m
        [36m</button>[39m
        [36m<div[39m
          [33mclass[39m=[32m"login-header text-center"[39m
        [36m>[39m
          [36m<h2>[39m
            [0mWelcome Back[0m
          [36m</h2>[39m
          [36m<p[39m
            [33mclass[39m=[32m"text-secondary text-sm mt-2"[39m
          [36m>[39m
            [0mLog in to view your saved recipes[0m
          [36m</p>[39m
        [36m</div>[39m
        [36m<form[39m
          [33mclass[39m=[32m"login-form mt-6"[39m
        [36m>[39m
          [36m<div[39m
            [33mclass[39m=[32m"form-group "[39m
          [36m>[39m
            [36m<label[39m
              [33mfor[39m=[32m"login-email"[39m
            [36m>[39m
              [0mEmail[0m
            [36m</label>[39m
            [36m<input[39m
              [33mautocomplete[39m=[32m"email"[39m
              [33mid[39m=[32m"login-email"[39m
              [33mtype[39m=[32m"email"[39m
              [33mvalue[39m=[32m""[39m
            [36m/>[39m
          [36m</div>[39m
          [36m<div[39m
            [33mclass[39m=[32m"form-group mb-6 "[39m
          [36m>[39m
            [36m<div[39m
              [33mstyle[39m=[32m"display: flex; justify-content: space-between; align-items: center; margin-bottom: var(--space-1);"[39m
            [36m>[39m
              [36m<label[39m
                [33mfor[39m=[32m"login-password"[39m
                [33mstyle[39m=[32m"margin-bottom: 0px;"[39m
              [36m>[39m
                [0mPassword[0m
              [36m</label>[39m
              [36m<button[39m
                [33mstyle[39m=[32m"background: none; border: medium; padding: 0px; text-decoration: none; cursor: pointer; font-family: inherit; color: var(--color-text-muted); font-size: 0.7rem; text-transform: uppercase; letter-spacing: 0.05em;"[39m
                [33mtype[39m=[32m"button"[39m
              [36m>[39m
                [0mForgot?[0m
              [36m</button>[39m
            [36m</div>[39m
            [36m<div[39m
              [33mclass[39m=[32m"password-input-wrapper"[39m
            [36m>[39m
              [36m<input[39m
                [33mautocomplete[39m=[32m"current-password"[39m
                [33mid[39m=[32m"login-password"[39m
                [33mtype[39m=[32m"password"[39m
                [33mvalue[39m=[32m""[39m
              [36m/>[39m
              [36m<button[39m
                [33maria-label[39m=[32m"Show password"[39m
                [33mclass[39m=[32m"password-toggle-btn"[39m
                [33mtabindex[39m=[32m"-1"[39m
                [33mtype[39m=[32m"button"[39m
              [36m>[39m
                [36m<svg[39m
                  [33mclass[39m=[32m""[39m
                  [33mfill[39m=[32m"none"[39m
                  [33mheight[39m=[32m"16"[39m
                  [33mstroke[39m=[32m"currentColor"[39m
                  [33mstroke-linecap[39m=[32m"round"[39m
                  [33mstroke-linejoin[39m=[32m"round"[39m
                  [33mstroke-width[39m=[32m"1.5"[39m
                  [33mviewBox[39m=[32m"0 0 24 24"[39m
                  [33mwidth[39m=[32m"16"[39m
                [36m>[39m
                  [36m<path[39m
                    [33md[39m=[32m"M1 12s4-8 11-8 11 8 11 8-4 8-11 8-11-8-11-8z"[39m
                  [36m/>[39m
                  [36m<circle[39m
                    [33mcx[39m=[32m"12"[39m
                    [33mcy[39m=[32m"12"[39m
                    [33mr[39m=[32m"3"[39m
                  [36m/>[39m
                [36m</svg>[39m
              [36m</button>[39m
            [36m</div>[39m
          [36m</div>[39m
          [36m<button[39m
            [33mclass[39m=[32m"btn btn-primary full-width"[39m
            [33mtype[39m=[32m"submit"[39m
          [36m>[39m
            [0mLog In[0m
          [36m</button>[39m
        [36m</form>[39m
        [36m<div[39m
          [33mclass[39m=[32m"auth-divider"[39m
        [36m>[39m
          [36m<span>[39m
            [0mOR[0m
          [36m</span>[39m
        [36m</div>[39m
        [36m<button[39m
          [33mclass[39m=[32m"btn btn-secondary full-width google-btn"[39m
        [36m>[39m
          [0mLog in with Google[0m
        [36m</button>[39m
      [36m</div>[39m
    [36m</div>[39m
  [36m</div>[39m
[36m</body>[39m
stderr | src/App.test.jsx > App Component > renders the navbar and hero section
An update to AuthProvider inside a test was not wrapped in act(...).

When testing, code that causes React state updates should be wrapped into act(...):

act(() => {
  /* fire events that update state */
});
/* assert on the output */

This ensures that you're testing the behavior the user would see in the browser. Learn more at https://react.dev/link/wrap-tests-with-act

 ✓ src/App.test.jsx > App Component > renders the navbar and hero section 408ms
 ✓ src/App.test.jsx > Auxiliary Pages > renders AboutPage correctly 19ms
 ✓ src/App.test.jsx > Auxiliary Pages > renders NotFoundPage correctly 6ms
 ✓ src/App.test.jsx > Auxiliary Pages > renders PrivacyPolicyPage correctly 13ms
 ✓ src/App.test.jsx > Auxiliary Pages > renders DMCAPolicyPage correctly 13ms
 ✓ src/pages/ShoppingList/ShoppingList.test.jsx > ShoppingList Component > renders empty state when there are no items 69ms
 ✓ src/context/ShoppingListContext.test.jsx > ShoppingListContext > provides default empty state 40ms
 ✓ src/context/ShoppingListContext.test.jsx > ShoppingListContext > loads initial state from localStorage 31ms
 ✓ src/context/ShoppingListContext.test.jsx > ShoppingListContext > adds flat recipes correctly 28ms
 ✓ src/pages/ShoppingList/ShoppingList.test.jsx > ShoppingList Component > renders list of items when populated 36ms
 ✓ src/pages/ShoppingList/ShoppingList.test.jsx > ShoppingList Component > handles interactions correctly 31ms
 ✓ src/context/ShoppingListContext.test.jsx > ShoppingListContext > adds sectioned recipes correctly 22ms
 ✓ src/context/ShoppingListContext.test.jsx > ShoppingListContext > toggles, removes items, and clears list 37ms
 ✓ src/context/ShoppingListContext.test.jsx > ShoppingListContext > appends ingredients if recipe already exists 11ms
 ✓ src/context/ShoppingListContext.test.jsx > ShoppingListContext > handles localStorage errors gracefully during init 8ms
 ✓ src/context/ShoppingListContext.test.jsx > ShoppingListContext > handles localStorage errors gracefully during save 4ms
 ✓ src/components/InstructionItem/InstructionItem.test.jsx > InstructionItem > renders step text and number correctly 54ms
 ✓ src/components/InstructionItem/InstructionItem.test.jsx > InstructionItem > displays CheckIcon when checked 21ms
 ✓ src/components/InstructionItem/InstructionItem.test.jsx > InstructionItem > calls onToggle when checkbox is clicked 15ms
 ✓ src/components/InstructionItem/InstructionItem.test.jsx > InstructionItem > calls onExpand when item is clicked and hasIngredients is true 9ms
 ✓ src/components/InstructionItem/InstructionItem.test.jsx > InstructionItem > does NOT call onExpand when item is clicked and hasIngredients is false 13ms
 ✓ src/components/InstructionItem/InstructionItem.test.jsx > InstructionItem > renders inline ingredients when expanded 10ms
 ✓ src/components/InstructionItem/InstructionItem.test.jsx > InstructionItem > does not render inline ingredients when not expanded 3ms
 ✓ src/components/InstructionItem/InstructionItem.test.jsx > InstructionItem > shows correct toggle hint text 12ms
 ✓ src/context/ThemeContext.test.jsx > ThemeContext > defaults to light theme if no preference saved 36ms
 ✓ src/context/ThemeContext.test.jsx > ThemeContext > toggles theme from light to dark 31ms
 ✓ src/context/ThemeContext.test.jsx > ThemeContext > initializes with saved theme from localStorage 9ms
 ✓ src/context/ThemeContext.test.jsx > ThemeContext > respects system preference if no local storage 7ms
 ✓ src/components/Icons/Icons.test.jsx > Icons Component > renders all icons without crashing 97ms
 ✓ src/components/Icons/Icons.test.jsx > Icons Component > applies custom size and className props 7ms

⎯⎯⎯⎯⎯⎯⎯ Failed Tests 4 ⎯⎯⎯⎯⎯⎯⎯

 FAIL  src/components/LoginModal/LoginModal.test.jsx > LoginModal Component > renders correctly when isOpen is true
TestingLibraryElementError: Found multiple elements with the role "button" and name `/Log In/i`

Here are the matching elements:

Ignored nodes: comments, script, style
[36m<button[39m
  [33mclass[39m=[32m"btn btn-primary full-width"[39m
  [33mtype[39m=[32m"submit"[39m
[36m>[39m
  [0mLog In[0m
[36m</button>[39m

Ignored nodes: comments, script, style
[36m<button[39m
  [33mclass[39m=[32m"btn btn-secondary full-width google-btn"[39m
[36m>[39m
  [0mLog in with Google[0m
[36m</button>[39m

(If this is intentional, then use the `*AllBy*` variant of the query (like `queryAllByText`, `getAllByText`, or `findAllByText`)).

Ignored nodes: comments, script, style
[36m<body>[39m
  [36m<div>[39m
    [36m<div[39m
      [33mclass[39m=[32m"modal-overlay"[39m
    [36m>[39m
      [36m<div[39m
        [33mclass[39m=[32m"modal-content card animate-slide-up"[39m
      [36m>[39m
        [36m<button[39m
          [33maria-label[39m=[32m"Close"[39m
          [33mclass[39m=[32m"modal-close"[39m
        [36m>[39m
          [0m×[0m
        [36m</button>[39m
        [36m<div[39m
          [33mclass[39m=[32m"login-header text-center"[39m
        [36m>[39m
          [36m<h2>[39m
            [0mWelcome Back[0m
          [36m</h2>[39m
          [36m<p[39m
            [33mclass[39m=[32m"text-secondary text-sm mt-2"[39m
          [36m>[39m
            [0mLog in to view your saved recipes[0m
          [36m</p>[39m
        [36m</div>[39m
        [36m<form[39m
          [33mclass[39m=[32m"login-form mt-6"[39m
        [36m>[39m
          [36m<div[39m
            [33mclass[39m=[32m"form-group "[39m
          [36m>[39m
            [36m<label[39m
              [33mfor[39m=[32m"login-email"[39m
            [36m>[39m
              [0mEmail[0m
            [36m</label>[39m
            [36m<input[39m
              [33mautocomplete[39m=[32m"email"[39m
              [33mid[39m=[32m"login-email"[39m
              [33mtype[39m=[32m"email"[39m
              [33mvalue[39m=[32m""[39m
            [36m/>[39m
          [36m</div>[39m
          [36m<div[39m
            [33mclass[39m=[32m"form-group mb-6 "[39m
          [36m>[39m
            [36m<div[39m
              [33mstyle[39m=[32m"display: flex; justify-content: space-between; align-items: center; margin-bottom: var(--space-1);"[39m
            [36m>[39m
              [36m<label[39m
                [33mfor[39m=[32m"login-password"[39m
                [33mstyle[39m=[32m"margin-bottom: 0px;"[39m
              [36m>[39m
                [0mPassword[0m
              [36m</label>[39m
              [36m<button[39m
                [33mstyle[39m=[32m"background: none; border: medium; padding: 0px; text-decoration: none; cursor: pointer; font-family: inherit; color: var(--color-text-muted); font-size: 0.7rem; text-transform: uppercase; letter-spacing: 0.05em;"[39m
                [33mtype[39m=[32m"button"[39m
              [36m>[39m
                [0mForgot?[0m
              [36m</button>[39m
            [36m</div>[39m
            [36m<div[39m
              [33mclass[39m=[32m"password-input-wrapper"[39m
            [36m>[39m
              [36m<input[39m
                [33mautocomplete[39m=[32m"current-password"[39m
                [33mid[39m=[32m"login-password"[39m
                [33mtype[39m=[32m"password"[39m
                [33mvalue[39m=[32m""[39m
              [36m/>[39m
              [36m<button[39m
                [33maria-label[39m=[32m"Show password"[39m
                [33mclass[39m=[32m"password-toggle-btn"[39m
                [33mtabindex[39m=[32m"-1"[39m
                [33mtype[39m=[32m"button"[39m
              [36m>[39m
                [36m<svg[39m
                  [33mclass[39m=[32m""[39m
                  [33mfill[39m=[32m"none"[39m
                  [33mheight[39m=[32m"16"[39m
                  [33mstroke[39m=[32m"currentColor"[39m
                  [33mstroke-linecap[39m=[32m"round"[39m
                  [33mstroke-linejoin[39m=[32m"round"[39m
                  [33mstroke-width[39m=[32m"1.5"[39m
                  [33mviewBox[39m=[32m"0 0 24 24"[39m
                  [33mwidth[39m=[32m"16"[39m
                [36m>[39m
                  [36m<path[39m
                    [33md[39m=[32m"M1 12s4-8 11-8 11 8 11 8-4 8-11 8-11-8-11-8z"[39m
                  [36m/>[39m
                  [36m<circle[39m
                    [33mcx[39m=[32m"12"[39m
                    [33mcy[39m=[32m"12"[39m
                    [33mr[39m=[32m"3"[39m
                  [36m/>[39m
                [36m</svg>[39m
              [36m</button>[39m
            [36m</div>[39m
          [36m</div>[39m
          [36m<button[39m
            [33mclass[39m=[32m"btn btn-primary full-width"[39m
            [33mtype[39m=[32m"submit"[39m
          [36m>[39m
            [0mLog In[0m
          [36m</button>[39m
        [36m</form>[39m
        [36m<div[39m
          [33mclass[39m=[32m"auth-divider"[39m
        [36m>[39m
          [36m<span>[39m
            [0mOR[0m
          [36m</span>[39m
        [36m</div>[39m
        [36m<button[39m
          [33mclass[39m=[32m"btn btn-secondary full-width google-btn"[39m
        [36m>[39m
          [0mLog in with Google[0m
        [36m</button>[39m
      [36m</div>[39m
    [36m</div>[39m
  [36m</div>[39m
[36m</body>[39m
 ❯ Object.getElementError node_modules/@testing-library/dom/dist/config.js:37:19
 ❯ getElementError node_modules/@testing-library/dom/dist/query-helpers.js:20:35
 ❯ getMultipleElementsFoundError node_modules/@testing-library/dom/dist/query-helpers.js:23:10
 ❯ node_modules/@testing-library/dom/dist/query-helpers.js:55:13
 ❯ node_modules/@testing-library/dom/dist/query-helpers.js:95:19
 ❯ src/components/LoginModal/LoginModal.test.jsx:42:23
     40|         expect(screen.getByLabelText('Email')).toBeInTheDocument();
     41|         expect(screen.getByLabelText('Password')).toBeInTheDocument();
     42|         expect(screen.getByRole('button', { name: /Log In/i })).toBeIn…
       |                       ^
     43|     });
     44| 

⎯⎯⎯⎯⎯⎯⎯⎯⎯⎯⎯⎯⎯⎯⎯⎯⎯⎯⎯⎯⎯⎯⎯⎯[1/4]⎯

 FAIL  src/components/LoginModal/LoginModal.test.jsx > LoginModal Component > triggers Firebase password reset logic on valid email
TestingLibraryElementError: Unable to find an accessible element with the role "button" and name "FORGOT?"

Here are the accessible roles:

  button:

  Name "Close":
  [36m<button[39m
    [33maria-label[39m=[32m"Close"[39m
    [33mclass[39m=[32m"modal-close"[39m
  [36m/>[39m

  Name "Forgot?":
  [36m<button[39m
    [33mstyle[39m=[32m"background: none; border: medium; padding: 0px; text-decoration: none; cursor: pointer; font-family: inherit; color: var(--color-text-muted); font-size: 0.7rem; text-transform: uppercase; letter-spacing: 0.05em;"[39m
    [33mtype[39m=[32m"button"[39m
  [36m/>[39m

  Name "Show password":
  [36m<button[39m
    [33maria-label[39m=[32m"Show password"[39m
    [33mclass[39m=[32m"password-toggle-btn"[39m
    [33mtabindex[39m=[32m"-1"[39m
    [33mtype[39m=[32m"button"[39m
  [36m/>[39m

  Name "Log In":
  [36m<button[39m
    [33mclass[39m=[32m"btn btn-primary full-width"[39m
    [33mtype[39m=[32m"submit"[39m
  [36m/>[39m

  Name "Log in with Google":
  [36m<button[39m
    [33mclass[39m=[32m"btn btn-secondary full-width google-btn"[39m
  [36m/>[39m

  --------------------------------------------------
  heading:

  Name "Welcome Back":
  [36m<h2 />[39m

  --------------------------------------------------
  paragraph:

  Name "":
  [36m<p[39m
    [33mclass[39m=[32m"text-secondary text-sm mt-2"[39m
  [36m/>[39m

  --------------------------------------------------
  textbox:

  Name "Email":
  [36m<input[39m
    [33mautocomplete[39m=[32m"email"[39m
    [33mid[39m=[32m"login-email"[39m
    [33mtype[39m=[32m"email"[39m
    [33mvalue[39m=[32m""[39m
  [36m/>[39m

  --------------------------------------------------

Ignored nodes: comments, script, style
[36m<body>[39m
  [36m<div>[39m
    [36m<div[39m
      [33mclass[39m=[32m"modal-overlay"[39m
    [36m>[39m
      [36m<div[39m
        [33mclass[39m=[32m"modal-content card animate-slide-up"[39m
      [36m>[39m
        [36m<button[39m
          [33maria-label[39m=[32m"Close"[39m
          [33mclass[39m=[32m"modal-close"[39m
        [36m>[39m
          [0m×[0m
        [36m</button>[39m
        [36m<div[39m
          [33mclass[39m=[32m"login-header text-center"[39m
        [36m>[39m
          [36m<h2>[39m
            [0mWelcome Back[0m
          [36m</h2>[39m
          [36m<p[39m
            [33mclass[39m=[32m"text-secondary text-sm mt-2"[39m
          [36m>[39m
            [0mLog in to view your saved recipes[0m
          [36m</p>[39m
        [36m</div>[39m
        [36m<form[39m
          [33mclass[39m=[32m"login-form mt-6"[39m
        [36m>[39m
          [36m<div[39m
            [33mclass[39m=[32m"form-group "[39m
          [36m>[39m
            [36m<label[39m
              [33mfor[39m=[32m"login-email"[39m
            [36m>[39m
              [0mEmail[0m
            [36m</label>[39m
            [36m<input[39m
              [33mautocomplete[39m=[32m"email"[39m
              [33mid[39m=[32m"login-email"[39m
              [33mtype[39m=[32m"email"[39m
              [33mvalue[39m=[32m""[39m
            [36m/>[39m
          [36m</div>[39m
          [36m<div[39m
            [33mclass[39m=[32m"form-group mb-6 "[39m
          [36m>[39m
            [36m<div[39m
              [33mstyle[39m=[32m"display: flex; justify-content: space-between; align-items: center; margin-bottom: var(--space-1);"[39m
            [36m>[39m
              [36m<label[39m
                [33mfor[39m=[32m"login-password"[39m
                [33mstyle[39m=[32m"margin-bottom: 0px;"[39m
              [36m>[39m
                [0mPassword[0m
              [36m</label>[39m
              [36m<button[39m
                [33mstyle[39m=[32m"background: none; border: medium; padding: 0px; text-decoration: none; cursor: pointer; font-family: inherit; color: var(--color-text-muted); font-size: 0.7rem; text-transform: uppercase; letter-spacing: 0.05em;"[39m
                [33mtype[39m=[32m"button"[39m
              [36m>[39m
                [0mForgot?[0m
              [36m</button>[39m
            [36m</div>[39m
            [36m<div[39m
              [33mclass[39m=[32m"password-input-wrapper"[39m
            [36m>[39m
              [36m<input[39m
                [33mautocomplete[39m=[32m"current-password"[39m
                [33mid[39m=[32m"login-password"[39m
                [33mtype[39m=[32m"password"[39m
                [33mvalue[39m=[32m""[39m
              [36m/>[39m
              [36m<button[39m
                [33maria-label[39m=[32m"Show password"[39m
                [33mclass[39m=[32m"password-toggle-btn"[39m
                [33mtabindex[39m=[32m"-1"[39m
                [33mtype[39m=[32m"button"[39m
              [36m>[39m
                [36m<svg[39m
                  [33mclass[39m=[32m""[39m
                  [33mfill[39m=[32m"none"[39m
                  [33mheight[39m=[32m"16"[39m
                  [33mstroke[39m=[32m"currentColor"[39m
                  [33mstroke-linecap[39m=[32m"round"[39m
                  [33mstroke-linejoin[39m=[32m"round"[39m
                  [33mstroke-width[39m=[32m"1.5"[39m
                  [33mviewBox[39m=[32m"0 0 24 24"[39m
                  [33mwidth[39m=[32m"16"[39m
                [36m>[39m
                  [36m<path[39m
                    [33md[39m=[32m"M1 12s4-8 11-8 11 8 11 8-4 8-11 8-11-8-11-8z"[39m
                  [36m/>[39m
                  [36m<circle[39m
                    [33mcx[39m=[32m"12"[39m
                    [33mcy[39m=[32m"12"[39m
                    [33mr[39m=[32m"3"[39m
                  [36m/>[39m
                [36m</svg>[39m
              [36m</button>[39m
            [36m</div>[39m
          [36m</div>[39m
          [36m<button[39m
            [33mclass[39m=[32m"btn btn-primary full-width"[39m
            [33mtype[39m=[32m"submit"[39m
          [36m>[39m
            [0mLog In[0m
          [36m</button>[39m
        [36m</form>[39m
        [36m<div[39m
          [33mclass[39m=[32m"auth-divider"[39m
        [36m>[39m
          [36m<span>[39m
            [0mOR[0m
          [36m</span>[39m
        [36m</div>[39m
        [36m<button[39m
          [33mclass[39m=[32m"btn btn-secondary full-width google-btn"[39m
        [36m>[39m
          [0mLog in with Google[0m
        [36m</button>[39m
      [36m</div>[39m
    [36m</div>[39m
  [36m</div>[39m
[36m</body>[39m
 ❯ Object.getElementError node_modules/@testing-library/dom/dist/config.js:37:19
 ❯ node_modules/@testing-library/dom/dist/query-helpers.js:76:38
 ❯ node_modules/@testing-library/dom/dist/query-helpers.js:52:17
 ❯ node_modules/@testing-library/dom/dist/query-helpers.js:95:19
 ❯ src/components/LoginModal/LoginModal.test.jsx:75:37
     73|         renderModal(true);
     74|         const emailInput = screen.getByLabelText('Email');
     75|         const forgotButton = screen.getByRole('button', { name: 'FORGO…
       |                                     ^
     76| 
     77|         // Simulate typing valid email before clicking forgot

⎯⎯⎯⎯⎯⎯⎯⎯⎯⎯⎯⎯⎯⎯⎯⎯⎯⎯⎯⎯⎯⎯⎯⎯[2/4]⎯

 FAIL  src/pages/Signup/Signup.test.jsx > SignupPage Component > renders signup form when feature flag is strictly true
 FAIL  src/pages/Signup/Signup.test.jsx > SignupPage Component > shows field level error tracking naturally on blur
ReferenceError: confirmPassword is not defined
 ❯ SignupPage src/pages/Signup/Signup.jsx:155:26
    153|                   id="signup-confirm"
    154|                   type={showConfirmPassword ? "text" : "password"} 
    155|                   value={confirmPassword}
       |                          ^
    156|                   onChange={e => setConfirmPassword(e.target.value)}
    157|                   onBlur={() => handleBlur('confirmPassword')}
 ❯ Object.react_stack_bottom_frame node_modules/react-dom/cjs/react-dom-client.development.js:25904:20
 ❯ renderWithHooks node_modules/react-dom/cjs/react-dom-client.development.js:7662:22
 ❯ updateFunctionComponent node_modules/react-dom/cjs/react-dom-client.development.js:10166:19
 ❯ beginWork node_modules/react-dom/cjs/react-dom-client.development.js:11778:18
 ❯ runWithFiberInDEV node_modules/react-dom/cjs/react-dom-client.development.js:874:13
 ❯ performUnitOfWork node_modules/react-dom/cjs/react-dom-client.development.js:17641:22
 ❯ workLoopSync node_modules/react-dom/cjs/react-dom-client.development.js:17469:41
 ❯ renderRootSync node_modules/react-dom/cjs/react-dom-client.development.js:17450:11
 ❯ performWorkOnRoot node_modules/react-dom/cjs/react-dom-client.development.js:16583:35

⎯⎯⎯⎯⎯⎯⎯⎯⎯⎯⎯⎯⎯⎯⎯⎯⎯⎯⎯⎯⎯⎯⎯⎯[3/4]⎯


 Test Files  2 failed | 12 passed (14)
      Tests  4 failed | 76 passed (80)
   Start at  23:27:02
   Duration  4.68s (transform 4.17s, setup 1.61s, import 10.08s, tests 6.00s, environment 12.08s)

